[     527ms] [LOG] 
%c    ##                             ##
   
 #######################################

########################################

 #######################################

 #######################################

  ####           #######           #### 

  ####            #####           *#### 

   #####         #######         #####  

    #################################   

     ###############################    

        #########################       

           #################



%cWelcome to Grindr Web!
%cPasting anything in here could give attackers access to your Grindr account.
 %c
If someone asked you to copy/paste something here, there is a good chance you’re being scammed or someone is attempting to gain access to your account.


If you’re a programmer here to look around, have you considered joining the Grindr team? Visit https://www.grindr.com/careers/ to learn more about working here and view our open roles. font-weight: normal;color: #ffcc00;font-family: monospace; font-weight: bold;color: black font-weight: bold;color: red font-weight: normal; color: black @ https://web.grindr.com/assets/index-BJoEZ8lS.js:125
[     717ms] [ERROR] Failed to load resource: the server responded with a status of 401 () @ https://web.grindr.com/v1/api-tokens/:0
[   99198ms] [LOG] Braze initialization stubbed out @ https://web.grindr.com/assets/index-BJoEZ8lS.js:125
[ 1899880ms] [ERROR] Failed to load resource: the server responded with a status of 401 () @ https://web.grindr.com/api/v4/chat/media/drawer:0
[ 2237411ms] [LOG] 
%c    ##                             ##
   
 #######################################

########################################

 #######################################

 #######################################

  ####           #######           #### 

  ####            #####           *#### 

   #####         #######         #####  

    #################################   

     ###############################    

        #########################       

           #################



%cWelcome to Grindr Web!
%cPasting anything in here could give attackers access to your Grindr account.
 %c
If someone asked you to copy/paste something here, there is a good chance you’re being scammed or someone is attempting to gain access to your account.


If you’re a programmer here to look around, have you considered joining the Grindr team? Visit https://www.grindr.com/careers/ to learn more about working here and view our open roles. font-weight: normal;color: #ffcc00;font-family: monospace; font-weight: bold;color: black font-weight: bold;color: red font-weight: normal; color: black @ https://web.grindr.com/assets/index-BJoEZ8lS.js:125
[ 2237621ms] [ERROR] Failed to load resource: the server responded with a status of 401 () @ https://web.grindr.com/v1/api-tokens/:0
[ 4038427ms] [LOG] 
%c    ##                             ##
   
 #######################################

########################################

 #######################################

 #######################################

  ####           #######           #### 

  ####            #####           *#### 

   #####         #######         #####  

    #################################   

     ###############################    

        #########################       

           #################



%cWelcome to Grindr Web!
%cPasting anything in here could give attackers access to your Grindr account.
 %c
If someone asked you to copy/paste something here, there is a good chance you’re being scammed or someone is attempting to gain access to your account.


If you’re a programmer here to look around, have you considered joining the Grindr team? Visit https://www.grindr.com/careers/ to learn more about working here and view our open roles. font-weight: normal;color: #ffcc00;font-family: monospace; font-weight: bold;color: black font-weight: bold;color: red font-weight: normal; color: black @ https://web.grindr.com/assets/index-BJoEZ8lS.js:125
[ 4038620ms] [ERROR] Failed to load resource: the server responded with a status of 401 () @ https://web.grindr.com/v1/api-tokens/:0
[ 5839063ms] [LOG] 
%c    ##                             ##
   
 #######################################

########################################

 #######################################

 #######################################

  ####           #######           #### 

  ####            #####           *#### 

   #####         #######         #####  

    #################################   

     ###############################    

        #########################       

           #################



%cWelcome to Grindr Web!
%cPasting anything in here could give attackers access to your Grindr account.
 %c
If someone asked you to copy/paste something here, there is a good chance you’re being scammed or someone is attempting to gain access to your account.


If you’re a programmer here to look around, have you considered joining the Grindr team? Visit https://www.grindr.com/careers/ to learn more about working here and view our open roles. font-weight: normal;color: #ffcc00;font-family: monospace; font-weight: bold;color: black font-weight: bold;color: red font-weight: normal; color: black @ https://web.grindr.com/assets/index-BJoEZ8lS.js:125
[ 5839303ms] [ERROR] Failed to load resource: the server responded with a status of 401 () @ https://web.grindr.com/v1/api-tokens/:0
[ 7639706ms] [LOG] 
%c    ##                             ##
   
 #######################################

########################################

 #######################################

 #######################################

  ####           #######           #### 

  ####            #####           *#### 

   #####         #######         #####  

    #################################   

     ###############################    

        #########################       

           #################



%cWelcome to Grindr Web!
%cPasting anything in here could give attackers access to your Grindr account.
 %c
If someone asked you to copy/paste something here, there is a good chance you’re being scammed or someone is attempting to gain access to your account.


If you’re a programmer here to look around, have you considered joining the Grindr team? Visit https://www.grindr.com/careers/ to learn more about working here and view our open roles. font-weight: normal;color: #ffcc00;font-family: monospace; font-weight: bold;color: black font-weight: bold;color: red font-weight: normal; color: black @ https://web.grindr.com/assets/index-BJoEZ8lS.js:125
[ 7639929ms] [ERROR] Failed to load resource: the server responded with a status of 401 () @ https://web.grindr.com/v1/api-tokens/:0
[ 9440575ms] [LOG] 
%c    ##                             ##
   
 #######################################

########################################

 #######################################

 #######################################

  ####           #######           #### 

  ####            #####           *#### 

   #####         #######         #####  

    #################################   

     ###############################    

        #########################       

           #################



%cWelcome to Grindr Web!
%cPasting anything in here could give attackers access to your Grindr account.
 %c
If someone asked you to copy/paste something here, there is a good chance you’re being scammed or someone is attempting to gain access to your account.


If you’re a programmer here to look around, have you considered joining the Grindr team? Visit https://www.grindr.com/careers/ to learn more about working here and view our open roles. font-weight: normal;color: #ffcc00;font-family: monospace; font-weight: bold;color: black font-weight: bold;color: red font-weight: normal; color: black @ https://web.grindr.com/assets/index-BJoEZ8lS.js:125
[ 9440799ms] [ERROR] Failed to load resource: the server responded with a status of 401 () @ https://web.grindr.com/v1/api-tokens/:0
[11241307ms] [LOG] 
%c    ##                             ##
   
 #######################################

########################################

 #######################################

 #######################################

  ####           #######           #### 

  ####            #####           *#### 

   #####         #######         #####  

    #################################   

     ###############################    

        #########################       

           #################



%cWelcome to Grindr Web!
%cPasting anything in here could give attackers access to your Grindr account.
 %c
If someone asked you to copy/paste something here, there is a good chance you’re being scammed or someone is attempting to gain access to your account.


If you’re a programmer here to look around, have you considered joining the Grindr team? Visit https://www.grindr.com/careers/ to learn more about working here and view our open roles. font-weight: normal;color: #ffcc00;font-family: monospace; font-weight: bold;color: black font-weight: bold;color: red font-weight: normal; color: black @ https://web.grindr.com/assets/index-BJoEZ8lS.js:125
[11241590ms] [ERROR] Failed to load resource: the server responded with a status of 401 () @ https://web.grindr.com/v1/api-tokens/:0
[13041983ms] [LOG] 
%c    ##                             ##
   
 #######################################

########################################

 #######################################

 #######################################

  ####           #######           #### 

  ####            #####           *#### 

   #####         #######         #####  

    #################################   

     ###############################    

        #########################       

           #################



%cWelcome to Grindr Web!
%cPasting anything in here could give attackers access to your Grindr account.
 %c
If someone asked you to copy/paste something here, there is a good chance you’re being scammed or someone is attempting to gain access to your account.


If you’re a programmer here to look around, have you considered joining the Grindr team? Visit https://www.grindr.com/careers/ to learn more about working here and view our open roles. font-weight: normal;color: #ffcc00;font-family: monospace; font-weight: bold;color: black font-weight: bold;color: red font-weight: normal; color: black @ https://web.grindr.com/assets/index-BJoEZ8lS.js:125
[13042187ms] [ERROR] Failed to load resource: the server responded with a status of 401 () @ https://web.grindr.com/v1/api-tokens/:0
[14842673ms] [LOG] 
%c    ##                             ##
   
 #######################################

########################################

 #######################################

 #######################################

  ####           #######           #### 

  ####            #####           *#### 

   #####         #######         #####  

    #################################   

     ###############################    

        #########################       

           #################



%cWelcome to Grindr Web!
%cPasting anything in here could give attackers access to your Grindr account.
 %c
If someone asked you to copy/paste something here, there is a good chance you’re being scammed or someone is attempting to gain access to your account.


If you’re a programmer here to look around, have you considered joining the Grindr team? Visit https://www.grindr.com/careers/ to learn more about working here and view our open roles. font-weight: normal;color: #ffcc00;font-family: monospace; font-weight: bold;color: black font-weight: bold;color: red font-weight: normal; color: black @ https://web.grindr.com/assets/index-BJoEZ8lS.js:125
[14842890ms] [ERROR] Failed to load resource: the server responded with a status of 401 () @ https://web.grindr.com/v1/api-tokens/:0
[16643588ms] [LOG] 
%c    ##                             ##
   
 #######################################

########################################

 #######################################

 #######################################

  ####           #######           #### 

  ####            #####           *#### 

   #####         #######         #####  

    #################################   

     ###############################    

        #########################       

           #################



%cWelcome to Grindr Web!
%cPasting anything in here could give attackers access to your Grindr account.
 %c
If someone asked you to copy/paste something here, there is a good chance you’re being scammed or someone is attempting to gain access to your account.


If you’re a programmer here to look around, have you considered joining the Grindr team? Visit https://www.grindr.com/careers/ to learn more about working here and view our open roles. font-weight: normal;color: #ffcc00;font-family: monospace; font-weight: bold;color: black font-weight: bold;color: red font-weight: normal; color: black @ https://web.grindr.com/assets/index-BJoEZ8lS.js:125
[16643898ms] [ERROR] Failed to load resource: the server responded with a status of 401 () @ https://web.grindr.com/v1/api-tokens/:0
[18444402ms] [LOG] 
%c    ##                             ##
   
 #######################################

########################################

 #######################################

 #######################################

  ####           #######           #### 

  ####            #####           *#### 

   #####         #######         #####  

    #################################   

     ###############################    

        #########################       

           #################



%cWelcome to Grindr Web!
%cPasting anything in here could give attackers access to your Grindr account.
 %c
If someone asked you to copy/paste something here, there is a good chance you’re being scammed or someone is attempting to gain access to your account.


If you’re a programmer here to look around, have you considered joining the Grindr team? Visit https://www.grindr.com/careers/ to learn more about working here and view our open roles. font-weight: normal;color: #ffcc00;font-family: monospace; font-weight: bold;color: black font-weight: bold;color: red font-weight: normal; color: black @ https://web.grindr.com/assets/index-BJoEZ8lS.js:125
[18444585ms] [ERROR] Failed to load resource: the server responded with a status of 401 () @ https://web.grindr.com/v1/api-tokens/:0
[20245013ms] [LOG] 
%c    ##                             ##
   
 #######################################

########################################

 #######################################

 #######################################

  ####           #######           #### 

  ####            #####           *#### 

   #####         #######         #####  

    #################################   

     ###############################    

        #########################       

           #################



%cWelcome to Grindr Web!
%cPasting anything in here could give attackers access to your Grindr account.
 %c
If someone asked you to copy/paste something here, there is a good chance you’re being scammed or someone is attempting to gain access to your account.


If you’re a programmer here to look around, have you considered joining the Grindr team? Visit https://www.grindr.com/careers/ to learn more about working here and view our open roles. font-weight: normal;color: #ffcc00;font-family: monospace; font-weight: bold;color: black font-weight: bold;color: red font-weight: normal; color: black @ https://web.grindr.com/assets/index-BJoEZ8lS.js:125
[20245248ms] [ERROR] Failed to load resource: the server responded with a status of 401 () @ https://web.grindr.com/v1/api-tokens/:0
[22045712ms] [LOG] 
%c    ##                             ##
   
 #######################################

########################################

 #######################################

 #######################################

  ####           #######           #### 

  ####            #####           *#### 

   #####         #######         #####  

    #################################   

     ###############################    

        #########################       

           #################



%cWelcome to Grindr Web!
%cPasting anything in here could give attackers access to your Grindr account.
 %c
If someone asked you to copy/paste something here, there is a good chance you’re being scammed or someone is attempting to gain access to your account.


If you’re a programmer here to look around, have you considered joining the Grindr team? Visit https://www.grindr.com/careers/ to learn more about working here and view our open roles. font-weight: normal;color: #ffcc00;font-family: monospace; font-weight: bold;color: black font-weight: bold;color: red font-weight: normal; color: black @ https://web.grindr.com/assets/index-BJoEZ8lS.js:125
[22045886ms] [ERROR] Failed to load resource: the server responded with a status of 401 () @ https://web.grindr.com/v1/api-tokens/:0
[23846613ms] [LOG] 
%c    ##                             ##
   
 #######################################

########################################

 #######################################

 #######################################

  ####           #######           #### 

  ####            #####           *#### 

   #####         #######         #####  

    #################################   

     ###############################    

        #########################       

           #################



%cWelcome to Grindr Web!
%cPasting anything in here could give attackers access to your Grindr account.
 %c
If someone asked you to copy/paste something here, there is a good chance you’re being scammed or someone is attempting to gain access to your account.


If you’re a programmer here to look around, have you considered joining the Grindr team? Visit https://www.grindr.com/careers/ to learn more about working here and view our open roles. font-weight: normal;color: #ffcc00;font-family: monospace; font-weight: bold;color: black font-weight: bold;color: red font-weight: normal; color: black @ https://web.grindr.com/assets/index-BJoEZ8lS.js:125
[23846826ms] [ERROR] Failed to load resource: the server responded with a status of 401 () @ https://web.grindr.com/v1/api-tokens/:0
[25647277ms] [LOG] 
%c    ##                             ##
   
 #######################################

########################################

 #######################################

 #######################################

  ####           #######           #### 

  ####            #####           *#### 

   #####         #######         #####  

    #################################   

     ###############################    

        #########################       

           #################



%cWelcome to Grindr Web!
%cPasting anything in here could give attackers access to your Grindr account.
 %c
If someone asked you to copy/paste something here, there is a good chance you’re being scammed or someone is attempting to gain access to your account.


If you’re a programmer here to look around, have you considered joining the Grindr team? Visit https://www.grindr.com/careers/ to learn more about working here and view our open roles. font-weight: normal;color: #ffcc00;font-family: monospace; font-weight: bold;color: black font-weight: bold;color: red font-weight: normal; color: black @ https://web.grindr.com/assets/index-BJoEZ8lS.js:125
[25647504ms] [ERROR] Failed to load resource: the server responded with a status of 401 () @ https://web.grindr.com/v1/api-tokens/:0
[27448032ms] [LOG] 
%c    ##                             ##
   
 #######################################

########################################

 #######################################

 #######################################

  ####           #######           #### 

  ####            #####           *#### 

   #####         #######         #####  

    #################################   

     ###############################    

        #########################       

           #################



%cWelcome to Grindr Web!
%cPasting anything in here could give attackers access to your Grindr account.
 %c
If someone asked you to copy/paste something here, there is a good chance you’re being scammed or someone is attempting to gain access to your account.


If you’re a programmer here to look around, have you considered joining the Grindr team? Visit https://www.grindr.com/careers/ to learn more about working here and view our open roles. font-weight: normal;color: #ffcc00;font-family: monospace; font-weight: bold;color: black font-weight: bold;color: red font-weight: normal; color: black @ https://web.grindr.com/assets/index-BJoEZ8lS.js:125
[27448233ms] [ERROR] Failed to load resource: the server responded with a status of 401 () @ https://web.grindr.com/v1/api-tokens/:0
[56061612ms] [LOG] 
%c    ##                             ##
   
 #######################################

########################################

 #######################################

 #######################################

  ####           #######           #### 

  ####            #####           *#### 

   #####         #######         #####  

    #################################   

     ###############################    

        #########################       

           #################



%cWelcome to Grindr Web!
%cPasting anything in here could give attackers access to your Grindr account.
 %c
If someone asked you to copy/paste something here, there is a good chance you’re being scammed or someone is attempting to gain access to your account.


If you’re a programmer here to look around, have you considered joining the Grindr team? Visit https://www.grindr.com/careers/ to learn more about working here and view our open roles. font-weight: normal;color: #ffcc00;font-family: monospace; font-weight: bold;color: black font-weight: bold;color: red font-weight: normal; color: black @ https://web.grindr.com/assets/index-BJoEZ8lS.js:125
[56061888ms] [ERROR] Failed to load resource: the server responded with a status of 401 () @ https://web.grindr.com/v1/api-tokens/:0
